<html>
<body>
<pre>
<h1>礦ision Build Log</h1>
<h2>Tool Versions:</h2>
IDE-Version: μVision V5.21.1.0
Copyright (C) 2016 ARM Ltd and ARM Germany GmbH. All rights reserved.
License Information: lee wj, nciae, LIC=ATTJJ-UK021-HKLBD-8T42R-F48UB-B7SEF
 
Tool Versions:
Toolchain:       MDK-ARM Plus  Version: 5.21a
Toolchain Path:  C:\Keil_v5\ARM\ARMCC\Bin
C Compiler:      Armcc.exe V5.06 update 3 (build 300)
Assembler:       Armasm.exe V5.06 update 3 (build 300)
Linker/Locator:  ArmLink.exe V5.06 update 3 (build 300)
Library Manager: ArmAr.exe V5.06 update 3 (build 300)
Hex Converter:   FromElf.exe V5.06 update 3 (build 300)
CPU DLL:         SARMCM3.DLL V5.21a
Dialog DLL:      DCM.DLL V1.13.8.0
Target DLL:      Segger\JL2CM3.dll V2.99.23.0
Dialog DLL:      TCM.DLL V1.14.14.0
 
<h2>Project:</h2>
F:\项目文件\ZX0015A三相方波电源\01设计过程控制\03设计阶段文件\05 主控FPGA+ARM PCB工程\07 代码参数\迪文屏F4\迪文屏F4\Project\STM32F407.uvprojx
Project File Date:  11/03/2016

<h2>Output:</h2>
*** Using Compiler 'V5.06 update 3 (build 300)', folder: 'C:\Keil_v5\ARM\ARMCC\Bin'
Build target 'Target 1'
assembling startup_stm32f40_41xxx.s...
compiling system_stm32f4xx.c...
compiling stm32f4xx_crc.c...
compiling stm32f4xx_gpio.c...
compiling misc.c...
compiling stm32f4xx_rcc.c...
compiling stm32f4xx_fsmc.c...
compiling stm32f4xx_tim.c...
compiling stm32f4xx_dma.c...
compiling stm32f4xx_dma2d.c...
compiling stm32f4xx_it.c...
compiling main.c...
compiling stm32f4xx_usart.c...
compiling LED.c...
compiling TIME6.c...
compiling DWIN_LCD.c...
compiling CRC16.c...
compiling FSMC.c...
compiling TIME3_Encoder.c...
compiling TIME5_Encoder.c...
compiling USART1.c...
compiling FPGA_Communication.c...
compiling DWIN_LCD_Communication.c...
linking...
Program Size: Code=7866 RO-data=970 RW-data=64 ZI-data=2376  
FromELF: creating hex file...
"..\Listing\STM32F407.axf" - 0 Error(s), 0 Warning(s).

<h2>Collection of Component include folders:</h2>
  F:\项目文件\ZX0015A三相方波电源\01设计过程控制\03设计阶段文件\05 主控FPGA+ARM PCB工程\07 代码参数\迪文屏F4\迪文屏F4\Project\RTE
  C:\Keil_v5\ARM\PACK\Keil\STM32F4xx_DFP\2.11.0\Drivers\CMSIS\Device\ST\STM32F4xx\Include

<h2>Collection of Component Files used:</h2>
Build Time Elapsed:  00:00:13
</pre>
</body>
</html>
